{"344": true, "0": false, "346": true, "347": true, "340": true, "341": true, "342": true, "343": true, "348": true, "349": true, "298": false, "299": false, "296": false, "297": false, "294": false, "295": false, "292": false, "293": false, "290": true, "291": true, "199": false, "198": false, "195": true, "194": true, "197": true, "196": false, "191": true, "190": true, "193": true, "192": false, "270": false, "271": true, "272": false, "273": false, "274": true, "275": true, "276": true, "277": true, "278": true, "279": false, "108": false, "109": false, "102": false, "103": false, "100": false, "101": false, "106": false, "107": false, "104": false, "105": false, "39": false, "38": false, "33": false, "32": false, "31": false, "30": false, "37": false, "36": false, "35": false, "34": false, "339": false, "338": false, "335": false, "334": false, "337": false, "336": false, "331": false, "330": false, "333": false, "332": false, "345": true, "6": false, "99": false, "98": false, "91": true, "90": true, "93": true, "92": true, "95": false, "94": false, "97": false, "96": false, "238": false, "239": false, "234": true, "235": false, "236": false, "237": false, "230": false, "231": false, "232": false, "233": false, "1": false, "146": true, "147": false, "144": false, "145": false, "142": false, "143": false, "140": false, "141": true, "148": false, "149": false, "133": false, "132": false, "131": false, "130": false, "137": false, "136": false, "135": false, "134": false, "139": false, "138": false, "24": true, "25": true, "26": true, "27": true, "20": true, "21": true, "22": true, "23": true, "28": true, "29": true, "379": true, "378": true, "371": true, "370": true, "373": true, "372": true, "375": false, "374": true, "377": false, "376": false, "393": true, "392": true, "88": true, "89": true, "397": true, "396": true, "395": true, "394": true, "82": true, "83": true, "80": true, "81": true, "86": true, "87": true, "84": true, "85": true, "7": false, "245": true, "244": true, "247": true, "246": true, "241": true, "240": true, "243": true, "242": true, "249": true, "248": true, "179": false, "178": false, "177": false, "176": false, "175": true, "174": true, "173": true, "172": false, "171": false, "170": false, "253": true, "182": false, "183": false, "180": true, "181": false, "186": true, "187": true, "184": false, "185": true, "188": true, "189": false, "11": false, "10": true, "13": true, "12": false, "15": true, "14": true, "17": true, "16": true, "19": true, "18": true, "62": true, "322": true, "323": true, "320": false, "321": false, "326": true, "327": true, "324": true, "325": true, "328": true, "329": true, "201": true, "200": true, "203": false, "202": true, "205": true, "204": true, "207": true, "206": true, "209": true, "208": true, "77": true, "76": true, "75": true, "74": true, "73": true, "72": true, "71": true, "70": true, "79": true, "78": true, "2": false, "8": false, "68": false, "120": false, "121": false, "122": false, "123": false, "124": false, "125": false, "126": false, "127": false, "128": true, "129": true, "319": true, "318": true, "313": true, "312": true, "311": true, "310": true, "317": true, "316": true, "315": true, "314": true, "3": false, "368": true, "369": false, "366": false, "367": false, "364": true, "365": true, "362": false, "363": true, "360": false, "361": true, "380": true, "381": true, "382": true, "383": true, "384": true, "385": true, "386": true, "387": true, "388": true, "389": true, "60": true, "61": true, "258": true, "259": true, "64": true, "65": true, "66": true, "67": false, "252": true, "69": true, "250": true, "251": true, "256": false, "257": true, "254": false, "255": true, "168": true, "169": true, "164": true, "165": true, "166": true, "167": true, "160": true, "161": true, "162": true, "163": true, "9": false, "357": true, "356": true, "355": true, "354": true, "353": true, "352": true, "351": true, "350": true, "359": false, "358": true, "216": true, "217": true, "214": true, "215": true, "212": true, "213": true, "210": true, "211": true, "218": true, "219": true, "289": false, "288": false, "4": false, "281": false, "280": false, "283": false, "282": false, "285": false, "284": false, "287": false, "286": false, "263": true, "262": true, "261": true, "260": true, "267": true, "266": true, "265": true, "264": true, "269": true, "268": true, "59": false, "58": false, "55": false, "54": false, "57": false, "56": false, "51": false, "50": false, "53": false, "52": false, "63": true, "115": false, "114": true, "117": true, "116": true, "111": true, "110": false, "113": true, "112": true, "119": true, "118": true, "308": true, "309": false, "300": true, "301": false, "302": false, "303": true, "304": true, "305": true, "306": true, "307": true, "229": true, "228": true, "227": true, "226": true, "225": false, "224": true, "223": true, "222": true, "221": true, "220": false, "391": true, "390": true, "151": false, "150": false, "153": false, "152": false, "155": false, "154": true, "157": false, "156": false, "159": false, "158": false, "399": true, "398": true, "48": true, "49": true, "46": true, "47": true, "44": true, "45": true, "42": true, "43": true, "40": true, "41": true, "5": false}